V3 3
FL C:/My_Designs/MixColums/aes/src/aes_package.vhd 2018/04/15.13:43:34 M.70d
PH aes/aes_package 1523814141 FL C:/My_Designs/MixColums/aes/src/aes_package.vhd \
      PB ieee/std_logic_1164 1284609568
PB aes/aes_package 1523814142 \
      FL C:/My_Designs/MixColums/aes/src/aes_package.vhd PH aes/aes_package 1523814141
