V3 9
FL C:/My_Designs/MixColums/aes/src/aes_package.vhd 2018/04/15.13:43:34 M.70d
FL C:/My_Designs/MixColums/SBox/src/SBox.vhd 2018/04/15.18:28:25 M.70d
EN work/SBox 1523814143 FL C:/My_Designs/MixColums/SBox/src/SBox.vhd \
      PB ieee/std_logic_1164 1284609568 LB aes PB aes/aes_package 1523814142
AR work/SBox/xillinx_8_dual_port_rom 1523814144 \
      FL C:/My_Designs/MixColums/SBox/src/SBox.vhd EN work/SBox 1523814143 \
      CP blk_mem_gen_v4_3
AR work/SBox/xillinx_4_dual_port_rom 1523814145 \
      FL C:/My_Designs/MixColums/SBox/src/SBox.vhd EN work/SBox 1523814143 \
      CP blk_mem_gen_v4_3
AR work/SBox/xillinx_2_dual_port_rom 1523814146 \
      FL C:/My_Designs/MixColums/SBox/src/SBox.vhd EN work/SBox 1523814143 \
      CP blk_mem_gen_v4_3
AR work/SBox/xillinx_1_dual_port_rom 1523814147 \
      FL C:/My_Designs/MixColums/SBox/src/SBox.vhd EN work/SBox 1523814143 \
      CP blk_mem_gen_v4_3
